// Jest Snapshot v1, https://goo.gl/fbAQLP

exports[`Nav Component renders the Nav component 1`] = `
<Fragment>
  <nav
    className="navbar"
    id="sidenav"
    role="navigation"
    style={
      Object {
        "marginLeft": "-30.4%",
      }
    }
  >
    <div
      className="nav-item close menu"
      onClick={[Function]}
    >
      <menuSVG
        className="svg menu"
        id="closebtn"
      />
      <h3
        className="nav-text"
      >
        CLOSE
      </h3>
    </div>
    <NavLink
      className="nav-item link logo"
      onClick={[Function]}
      to="/albums"
    >
      <logoSVG
        className="svg logo"
      />
      <h3
        className="nav-text logo"
      >
        RM
      </h3>
    </NavLink>
    <NavLink
      className="nav-item link register"
      onClick={[Function]}
      to="/register"
    >
      <registerSVG
        className="svg register"
      />
      <h3
        className="nav-text register"
      >
        REGISTER
      </h3>
    </NavLink>
    <NavLink
      className="nav-item link albums"
      onClick={[Function]}
      to="/albums"
    >
      <albumSVG
        className="svg album"
      />
      <h3
        className="nav-text albums"
      >
        ALBUMS
      </h3>
    </NavLink>
    <NavLink
      className="nav-item link login"
      onClick={[Function]}
      to="/login"
    >
      <loginSVG
        className="svg login"
      />
      <h3
        className="nav-text login"
      >
        LOGIN
      </h3>
    </NavLink>
    <div
      className="nav-item social"
    >
      <a
        href="https://www.linkedin.com/in/elang589/"
      >
        <linkedInSVG
          className="svg-social linkedin"
        />
      </a>
      <a
        href="https://open.spotify.com/user/elang5"
      >
        <spotifySVG
          className="svg-social spotify"
        />
      </a>
    </div>
  </nav>
  <div
    className="open"
    id="open-container"
    onClick={[Function]}
  >
    <menuSVG
      className="svg menu closebtn"
      id="openbtn"
    />
  </div>
</Fragment>
`;
