// Jest Snapshot v1, https://goo.gl/fbAQLP

exports[`ReviewPage Component renders the ReviewPage component 1`] = `
<div
  className="review-page"
>
  <a
    className="album-listen"
    href=""
    rel="noopener noreferrer"
    target="_blank"
  >
    <button
      className="listen-btn"
    >
      Listen to 
    </button>
  </a>
  <Link
    className="album-art-link"
    to="/albums/1"
  >
    <Loader
      loading={true}
    />
    <img
      alt=""
      className="album-art"
      src=""
    />
  </Link>
  <h2
    className="title"
  >
    undefined
  </h2>
  <p>
    By: undefined
  </p>
  <AlbumStarRating />
  <p
    className="review-content"
  />
</div>
`;
