// Jest Snapshot v1, https://goo.gl/fbAQLP

exports[`ReviewForm Component renders the ReviewForm component 1`] = `
<div
  className="review-form-container"
>
  <form
    className="review-form"
    onSubmit={[Function]}
  >
    <div
      className="album-info"
    >
      <h2
        className="album-name"
      >
        undefined
      </h2>
    </div>
    <div
      className="title"
    >
      <label
        htmlFor="title"
      >
        Title: 
      </label>
      <input
        id="title"
        type="text"
      />
    </div>
    <div
      className="rating-select"
    >
      <label
        htmlFor="rating"
      >
        Rating: 
      </label>
      <select
        aria-label="Rate this album"
        id="rating"
        name="rating"
      >
        <option
          value="1"
        >
          1
        </option>
        <option
          value="2"
        >
          2
        </option>
        <option
          value="3"
        >
          3
        </option>
        <option
          value="4"
        >
          4
        </option>
        <option
          value="5"
        >
          5
        </option>
        <option
          value="6"
        >
          6
        </option>
        <option
          value="7"
        >
          7
        </option>
        <option
          value="8"
        >
          8
        </option>
        <option
          value="9"
        >
          9
        </option>
        <option
          value="10"
        >
          10
        </option>
      </select>
    </div>
    <div
      className="content"
    >
      <label
        htmlFor="content"
      >
        Content: 
      </label>
      <br />
      <textarea
        cols="30"
        id="content"
        name="content"
        rows="20"
      />
    </div>
    <button
      className="review-submit-btn"
      type="submit"
    >
      Post review
    </button>
  </form>
</div>
`;
